ERROR 10478
ERROR 10488
ERROR 1049
ERROR 10517
ERROR 10521
ERROR 10536
ERROR 10560
ERROR 10564
ERROR 10567
ERROR 10569
ERROR 10570
ERROR 10652
ERROR 10662
ERROR 10664
ERROR 10668
ERROR 10677
ERROR 10683
ERROR 10698
ERROR 10699
ERROR 10704
ERROR 10706
ERROR 10709
ERROR 10712
ERROR 10721
ERROR 10722
ERROR 10726
ERROR 10731
ERROR 10736
ERROR 10740
ERROR 10741
ERROR 10753
ERROR 10758
ERROR 10764
ERROR 10765
ERROR 10791
ERROR 10794
ERROR 10803
ERROR 10809
ERROR 10811
ERROR 10819
ERROR 10822
ERROR 10828
ERROR 10831
ERROR 10834
ERROR 10839
ERROR 1084
ERROR 10840
ERROR 10847
ERROR 10850
ERROR 10851
ERROR 10856
ERROR 10859
ERROR 10864
ERROR 10902
ERROR 10909
ERROR 1091
ERROR 10910
ERROR 10971
ERROR 11012
ERROR 11030
ERROR 11042
ERROR 11043
ERROR 11046
ERROR 11050
ERROR 11053
ERROR 11054
ERROR 11055
ERROR 11057
ERROR 11067
ERROR 11071
ERROR 11076
ERROR 11080
ERROR 11081
ERROR 11094
ERROR 1110
ERROR 11100
ERROR 11101
ERROR 11113
ERROR 11120
ERROR 11143
ERROR 11151
ERROR 11153
ERROR 11157
ERROR 1116
ERROR 11163
ERROR 11174
ERROR 11178
ERROR 11185
ERROR 11188
ERROR 11190
ERROR 11200
ERROR 11203
ERROR 11205
ERROR 11206
ERROR 11207
ERROR 11210
ERROR 11212
ERROR 11216
ERROR 11219
ERROR 11220
ERROR 11222
ERROR 11224
ERROR 11231
ERROR 11232
ERROR 11234
ERROR 11245
ERROR 11246
ERROR 11256
ERROR 11265
ERROR 11266
ERROR 11268
ERROR 11279
ERROR 11280
ERROR 11291
ERROR 11292
ERROR 11293
ERROR 11294
ERROR 11314
ERROR 11332
ERROR 11333
ERROR 11335
ERROR 11339
ERROR 11341
ERROR 11349
ERROR 11354
ERROR 11355
ERROR 11364
ERROR 11372
ERROR 11375
ERROR 11380
ERROR 11385
ERROR 11393
ERROR 11399
ERROR 114
ERROR 11400
ERROR 11402
ERROR 11404
ERROR 11409
ERROR 11416
ERROR 11418
ERROR 11429
ERROR 11431
ERROR 11434
ERROR 11443
ERROR 11444
ERROR 11451
ERROR 11459
ERROR 11461
ERROR 11463
ERROR 11465
ERROR 11467
ERROR 11469
ERROR 11473
ERROR 11474
ERROR 11475
ERROR 11478
ERROR 11490
ERROR 11491
ERROR 11494
ERROR 11505
ERROR 11525
ERROR 11526
ERROR 11528
ERROR 11531
ERROR 11549
ERROR 11564
ERROR 11568
ERROR 11572
ERROR 11574
ERROR 11579
ERROR 11582
ERROR 11583
ERROR 11592
ERROR 11600
ERROR 11612
ERROR 11613
ERROR 11623
ERROR 11641
ERROR 11650
ERROR 11659
ERROR 11662
ERROR 11670
ERROR 11697
ERROR 11703
ERROR 11704
ERROR 11716
ERROR 11718
ERROR 11719
ERROR 11739
ERROR 11746
ERROR 11752
ERROR 11758
ERROR 11762
ERROR 11767
ERROR 11770
ERROR 11773
ERROR 11785
ERROR 11797
ERROR 11798
ERROR 11801
ERROR 11806
ERROR 11809
ERROR 11812
ERROR 11822
ERROR 11833
ERROR 11851
ERROR 11857
ERROR 11858
ERROR 1187
ERROR 11871
ERROR 11889
ERROR 11892
ERROR 11899
ERROR 11903
ERROR 11921
ERROR 11930
ERROR 11934
ERROR 11935
ERROR 11942
ERROR 11946
ERROR 11958
ERROR 11971
ERROR 11984
ERROR 12006
ERROR 12018
ERROR 12021
ERROR 12043
ERROR 12055
ERROR 12168
ERROR 12332
ERROR 12510
ERROR 12523
ERROR 1256
ERROR 1261
ERROR 12683
ERROR 12685
ERROR 12688
ERROR 12690
ERROR 12691
ERROR 12696
ERROR 12697
ERROR 12698
ERROR 12706
ERROR 12707
ERROR 12717
ERROR 12721
ERROR 12723
ERROR 12724
ERROR 12725
ERROR 12728
ERROR 12729
ERROR 12730
ERROR 12732
ERROR 12733
ERROR 12742
ERROR 12747
ERROR 12749
ERROR 12753
ERROR 12757
ERROR 12758
ERROR 12759
ERROR 12761
ERROR 12771
ERROR 12773
ERROR 12784
ERROR 12789
ERROR 12795
ERROR 12808
ERROR 12811
ERROR 12813
ERROR 12823
ERROR 12830
ERROR 12831
ERROR 12836
ERROR 12838
ERROR 12839
ERROR 12852
ERROR 12855
ERROR 12861
ERROR 12874
ERROR 12875
ERROR 12876
ERROR 12878
ERROR 12927
ERROR 12944
ERROR 12948
ERROR 12952
ERROR 12956
ERROR 12958
ERROR 12969
ERROR 12975
ERROR 12976
ERROR 12984
ERROR 13001
ERROR 13013
ERROR 13016
ERROR 13020
ERROR 13022
ERROR 13024
ERROR 13025
ERROR 13028
ERROR 13034
ERROR 13066
ERROR 13072
ERROR 13074
ERROR 13079
ERROR 13081
ERROR 13085
ERROR 13086
ERROR 13088
ERROR 13097
ERROR 13100
ERROR 13101
ERROR 13107
ERROR 13149
ERROR 13154
ERROR 13166
ERROR 13168
ERROR 13170
ERROR 13178
ERROR 13183
ERROR 13194
ERROR 13195
ERROR 13196
ERROR 13197
ERROR 13220
ERROR 13239
ERROR 13242
ERROR 13247
ERROR 13248
ERROR 13254
ERROR 13256
ERROR 13260
ERROR 13265
ERROR 13268
ERROR 13270
ERROR 13316
ERROR 13317
ERROR 13318
ERROR 13321
ERROR 13327
ERROR 13342
ERROR 13346
ERROR 13354
ERROR 13361
ERROR 13367
ERROR 13424
ERROR 13430
ERROR 13435
ERROR 13443
ERROR 13446
ERROR 13469
ERROR 13470
ERROR 13478
ERROR 13482
ERROR 13488
ERROR 13506
ERROR 13511
ERROR 13514
ERROR 13516
ERROR 13520
ERROR 13521
ERROR 13523
ERROR 13535
ERROR 13540
ERROR 13542
ERROR 13556
ERROR 13562
ERROR 13563
ERROR 13568
ERROR 13570
ERROR 13587
ERROR 13589
ERROR 13590
ERROR 13591
ERROR 13594
ERROR 13604
ERROR 13605
ERROR 13609
ERROR 13615
ERROR 13616
ERROR 13617
ERROR 13618
ERROR 13623
ERROR 13625
ERROR 13629
ERROR 13630
ERROR 13633
ERROR 13635
ERROR 13637
ERROR 13638
ERROR 13643
ERROR 13644
ERROR 13645
ERROR 13648
ERROR 13650
ERROR 13651
ERROR 13655
ERROR 13656
ERROR 13658
ERROR 13663
ERROR 13664
ERROR 13665
ERROR 13674
ERROR 13676
ERROR 13677
ERROR 13683
ERROR 13686
ERROR 13689
ERROR 13694
ERROR 13698
ERROR 137
ERROR 13700
ERROR 13706
ERROR 13730
ERROR 13732
ERROR 13735
ERROR 13737
ERROR 13739
ERROR 13740
ERROR 13741
ERROR 13743
ERROR 13744
ERROR 13750
ERROR 13761
ERROR 13810
ERROR 13812
ERROR 13821
ERROR 13822
ERROR 13825
ERROR 13826
ERROR 13833
ERROR 13837
ERROR 13839
ERROR 13840
ERROR 13842
ERROR 13847
ERROR 13852
ERROR 13853
ERROR 13854
ERROR 13855
ERROR 13856
ERROR 13858
ERROR 13859
ERROR 13861
ERROR 13865
ERROR 13869
ERROR 13871
ERROR 13872
ERROR 13874
ERROR 13876
ERROR 13877
ERROR 13878
ERROR 13880
ERROR 13882
ERROR 13883
ERROR 13885
ERROR 13886
ERROR 13889
ERROR 13890
ERROR 13891
ERROR 13896
ERROR 13897
ERROR 13900
ERROR 13901
ERROR 13904
ERROR 13907
ERROR 13910
ERROR 13911
ERROR 13912
ERROR 13916
ERROR 13918
ERROR 13922
ERROR 13924
ERROR 13925
ERROR 13926
ERROR 13927
ERROR 13929
ERROR 13937
ERROR 13938
ERROR 13941
ERROR 13942
ERROR 13948
ERROR 13949
ERROR 13952
ERROR 13954
ERROR 13956
ERROR 13961
ERROR 13964
ERROR 13967
ERROR 13970
ERROR 13972
ERROR 13973
ERROR 13974
ERROR 13979
ERROR 13983
ERROR 13992
ERROR 13994
ERROR 13998
ERROR 14002
ERROR 14003
ERROR 14009
ERROR 14013
ERROR 14021
ERROR 14026
ERROR 14034
ERROR 14036
ERROR 14038
ERROR 14047
ERROR 14051
ERROR 14052
ERROR 14057
ERROR 14060
ERROR 14065
ERROR 14066
ERROR 14067
ERROR 14070
ERROR 14079
ERROR 14088
ERROR 14094
ERROR 14096
ERROR 14097
ERROR 14098
ERROR 14101
ERROR 14102
ERROR 14110
ERROR 14111
ERROR 14113
ERROR 14116
ERROR 14117
ERROR 14120
ERROR 14123
ERROR 14126
ERROR 14133
ERROR 14137
ERROR 14138
ERROR 14141
ERROR 14143
ERROR 14149
ERROR 14151
ERROR 14152
ERROR 14157
ERROR 14159
ERROR 14162
ERROR 14164
ERROR 14165
ERROR 14167
ERROR 14169
ERROR 1427
ERROR 1429
ERROR 1450
ERROR 1460
ERROR 1523
ERROR 1524
ERROR 15596
ERROR 1579
ERROR 1595
ERROR 1601
ERROR 1615
ERROR 1618

ERROR 1627
ERROR 1631
ERROR 1637
ERROR 1670
ERROR 1676
ERROR 1714
ERROR 1716
ERROR 1728
ERROR 1743
ERROR 1758
ERROR 1809
ERROR 1818
ERROR 1821
ERROR 1838
ERROR 1849
ERROR 1857
ERROR 1861
ERROR 1868
ERROR 1869
ERROR 1878
ERROR 1895
ERROR 1900
ERROR 1911
ERROR 1918
ERROR 1935
ERROR 1939
ERROR 1943
ERROR 1985
ERROR 1997
ERROR 2014
ERROR 2026
ERROR 2036
ERROR 2038
ERROR 2054
ERROR 2061
ERROR 2065
ERROR 2068
ERROR 2073
ERROR 2075
ERROR 208
ERROR 2093
ERROR 2095
ERROR 2099
ERROR 2130
ERROR 2132
ERROR 2136
ERROR 2139
ERROR 2143
ERROR 2147
ERROR 2168
ERROR 2174
ERROR 2193
ERROR 2196
ERROR 2212
ERROR 2222
ERROR 2235
ERROR 2241
ERROR 2242
ERROR 2245
ERROR 2249
ERROR 2262
ERROR 2263
ERROR 2264
ERROR 2265
ERROR 2292
ERROR 2295
ERROR 2297
ERROR 2300
ERROR 2304
ERROR 2317
ERROR 2329
ERROR 2345
ERROR 2347
ERROR 2375
ERROR 2376
ERROR 2377
ERROR 2379
ERROR 2383
ERROR 2384
ERROR 2390
ERROR 2395
ERROR 2396
ERROR 2401
ERROR 2407
ERROR 247
ERROR 2484
ERROR 2487
ERROR 2489
ERROR 2501
ERROR 2505
ERROR 2523
ERROR 2536
ERROR 2541
ERROR 2600
ERROR 2644
ERROR 2650
ERROR 2652
ERROR 2656
ERROR 2683
ERROR 2685
ERROR 2696
ERROR 2699
ERROR 2730
ERROR 2752
ERROR 2773
ERROR 2775
ERROR 2784
ERROR 2813
ERROR 2855
ERROR 2858
ERROR 287
ERROR 2887
ERROR 2897
ERROR 29
ERROR 293
ERROR 30
ERROR 3056
ERROR 308
ERROR 3109
ERROR 3117
ERROR 3119
ERROR 3164
ERROR 3181
ERROR 3213
ERROR 3245
ERROR 3276
ERROR 3280
ERROR 3289
ERROR 3305
ERROR 3310
ERROR 3312
ERROR 3326
ERROR 3327
ERROR 3332
ERROR 3345
ERROR 3360
ERROR 3361
ERROR 3362
ERROR 338
ERROR 3386
ERROR 3410
ERROR 342
ERROR 3432
ERROR 3454
ERROR 3456
ERROR 3466
ERROR 3485
ERROR 3491
ERROR 3494
ERROR 3506
ERROR 3537
ERROR 3544
ERROR 3549
ERROR 3597
ERROR 3606
ERROR 3607
ERROR 3619
ERROR 3621
ERROR 3626
ERROR 3677
ERROR 3683
ERROR 3685
ERROR 3691
ERROR 372
ERROR 3726
ERROR 3731
ERROR 376
ERROR 3766
ERROR 3767
ERROR 3769
ERROR 3772
ERROR 3777
ERROR 3780
ERROR 3782
ERROR 3796
ERROR 3805
ERROR 3810
ERROR 3818
ERROR 3821
ERROR 3827
ERROR 3836
ERROR 3845
ERROR 3851
ERROR 3859
ERROR 3862
ERROR 3876
ERROR 3886
ERROR 3889
ERROR 3895
ERROR 3896
ERROR 3899
ERROR 3904
ERROR 3919
ERROR 3949
ERROR 3979
ERROR 3983
ERROR 3984
ERROR 3993
ERROR 4071
ERROR 4110
ERROR 414
ERROR 4163
ERROR 4169
ERROR 419
ERROR 4201
ERROR 4260
ERROR 4264
ERROR 4267
ERROR 4283
ERROR 4306
ERROR 4336
ERROR 4341
ERROR 4356
ERROR 4358
ERROR 4361
ERROR 4385
ERROR 4399
ERROR 4401
ERROR 4408
ERROR 4452
ERROR 4458
ERROR 4491
ERROR 4506
ERROR 4512
ERROR 4514
ERROR 4545
ERROR 4572
ERROR 4577
ERROR 4581
ERROR 4589
ERROR 4614
ERROR 4622
ERROR 4623
ERROR 4624
ERROR 4633
ERROR 4663
ERROR 4679
ERROR 4685
ERROR 4694
ERROR 4696
ERROR 4697
ERROR 4711
ERROR 4718
ERROR 4720
ERROR 474
ERROR 4740
ERROR 4744
ERROR 4763
ERROR 478
ERROR 4787
ERROR 4799
ERROR 48
ERROR 4831
ERROR 4924
ERROR 4952
ERROR 4975
ERROR 5018
ERROR 5051
ERROR 5092
ERROR 5106
ERROR 5156
ERROR 522
ERROR 5282
ERROR 5294
ERROR 5346
ERROR 537
ERROR 5498
ERROR 5532
ERROR 5544
ERROR 5555
ERROR 5602
ERROR 5606
ERROR 562
ERROR 5655
ERROR 5673
ERROR 5733
ERROR 5747
ERROR 5753
ERROR 5772
ERROR 5794
ERROR 58
ERROR 5816
ERROR 5844
ERROR 5874
ERROR 588
ERROR 5931
ERROR 5932
ERROR 5941
ERROR 5946
ERROR 5961
ERROR 5987
ERROR 5990
ERROR 5996
ERROR 6045
ERROR 6092
ERROR 614
ERROR 6176
ERROR 6179
ERROR 6226
ERROR 623
ERROR 6253

ERROR 6279
ERROR 6512
ERROR 6548
ERROR 662
ERROR 6626
ERROR 6650
ERROR 6672
ERROR 6719
ERROR 6814
ERROR 6853
ERROR 6854
ERROR 6859
ERROR 69
ERROR 6909
ERROR 6930
ERROR 6940
ERROR 7011
ERROR 705
ERROR 7085
ERROR 7089
ERROR 7165
ERROR 7194
ERROR 7413
ERROR 7753
ERROR 798
ERROR 7980
ERROR 8013
ERROR 802
ERROR 8088
ERROR 812
ERROR 8190
ERROR 8197
ERROR 8199
ERROR 8203
ERROR 8206
ERROR 8228
ERROR 8235
ERROR 8239
ERROR 8250
ERROR 8252
ERROR 8254
ERROR 8262
ERROR 8267
ERROR 8269
ERROR 8271
ERROR 8314
ERROR 8319
ERROR 8330
ERROR 8341
ERROR 8345
ERROR 8352
ERROR 8357
ERROR 837
ERROR 8376
ERROR 8384
ERROR 8402
ERROR 8444
ERROR 8446
ERROR 8457
ERROR 8461
ERROR 8465
ERROR 8468
ERROR 8470
ERROR 8481
ERROR 8485
ERROR 8492
ERROR 8499
ERROR 8511
ERROR 8549
ERROR 8558
ERROR 8560
ERROR 8577
ERROR 8583
ERROR 8592
ERROR 8613
ERROR 8623
ERROR 8666
ERROR 867
ERROR 8684

ERROR 8694
ERROR 8715
ERROR 8716
ERROR 8725
ERROR 8743
ERROR 8757
ERROR 8789
ERROR 8803
ERROR 8815
ERROR 8825
ERROR 8843
ERROR 886
ERROR 8873
ERROR 8878
ERROR 8886
ERROR 8889
ERROR 8896
ERROR 890
ERROR 8912
ERROR 8921
ERROR 8925
ERROR 8928
ERROR 8937
ERROR 8941
ERROR 8948
ERROR 8956
ERROR 8961
ERROR 8985
ERROR 9011
ERROR 9029
ERROR 9056
ERROR 9060
ERROR 9068
ERROR 908
ERROR 9115
ERROR 9136
ERROR 9140
ERROR 9141
ERROR 9149
ERROR 9155
ERROR 9156
ERROR 9163
ERROR 9165
ERROR 9173
ERROR 9196
ERROR 9232
ERROR 9235
ERROR 9247
ERROR 9248
ERROR 9256
ERROR 9260
ERROR 9273
ERROR 9274
ERROR 9280
ERROR 9283
ERROR 9292
ERROR 9305
ERROR 9312
ERROR 9313
ERROR 9314
ERROR 9344
ERROR 9355
ERROR 9360
ERROR 9364
ERROR 9395
ERROR 9403
ERROR 9421
ERROR 9429
ERROR 9445
ERROR 9453
ERROR 9464
ERROR 9465
ERROR 951
ERROR 9516
ERROR 9548
ERROR 9593
ERROR 9597
ERROR 9611
ERROR 9650
ERROR 9651
ERROR 9704

ERROR 971
ERROR 9728
ERROR 9736
ERROR 9737
ERROR 9753
ERROR 9774
ERROR 9840
ERROR 9851
ERROR 9882